../Core/Src/main.c:56:6:ReceiveAndFlashFirmware	1088	static
../Core/Src/main.c:90:6:JumpToApplication	24	static,ignoring_inline_asm
../Core/Src/main.c:99:6:processReceivedDataSegment	24	static
../Core/Src/main.c:112:6:processReceivedData	16	static
../Core/Src/main.c:150:5:main	8	static
../Core/Src/main.c:206:6:SystemClock_Config	88	static
../Core/Src/main.c:253:13:MX_USART1_UART_Init	8	static
../Core/Src/main.c:281:13:MX_CRC_Init	8	static
../Core/Src/main.c:303:13:MX_GPIO_Init	16	static
../Core/Src/main.c:310:6:Error_Handler	4	static
